// Jest Snapshot v1, https://goo.gl/fbAQLP

exports[`AdviceSlip renders correctly if it has a slip 1`] = `
<PoseGroup
  className="advice-text"
  flipMove={true}
  id="advice-text"
>
  <ForwardRef
    key="always write tests first"
  >
    <SplitText
      charPoses={
        Object {
          "enter": Object {
            "opacity": 1,
            "transition": [Function],
            "y": 0,
          },
          "exit": Object {
            "opacity": 0,
            "transition": [Function],
            "y": 80,
          },
        }
      }
      initialPose="exit"
      pose="enter"
    >
      always write tests first
    </SplitText>
  </ForwardRef>
</PoseGroup>
`;

exports[`AdviceSlip renders correctly if it has an empty slip 1`] = `<div />`;
