// Jest Snapshot v1, https://goo.gl/fbAQLP

exports[`ShareLink renders correctly if it has a slip 1`] = `
<ShareLink
  slip={
    Object {
      "advice": "some advice",
      "slip_id": 1,
    }
  }
>
  <CopyToClipboard
    text="http://localhost/1"
  >
    <i
      className="fa fa-clipboard share-link"
      data-for="clipboard"
      data-is-capture="true"
      data-tip="Copy link to clipboard"
      onClick={[Function]}
    />
  </CopyToClipboard>
  <ReactTooltip
    className="clipboard-tooltip"
    clickable={true}
    effect="solid"
    id="clipboard"
    insecure={true}
    place="top"
    resizeHide={true}
    type="clipboard-tooltip"
    wrapper="div"
  >
    <div
      className="__react_component_tooltip place-top type-dark allow_click "
      data-id="tooltip"
      id="clipboard"
    />
  </ReactTooltip>
</ShareLink>
`;
