// Jest Snapshot v1, https://goo.gl/fbAQLP

exports[`App should render correctly 1`] = `
<App>
  <BrowserRouter>
    <Router
      history={
        Object {
          "action": "POP",
          "block": [Function],
          "createHref": [Function],
          "go": [Function],
          "goBack": [Function],
          "goForward": [Function],
          "length": 1,
          "listen": [Function],
          "location": Object {
            "hash": "",
            "pathname": "/",
            "search": "",
            "state": undefined,
          },
          "push": [Function],
          "replace": [Function],
        }
      }
    >
      <Route
        path="/:id?"
        render={[Function]}
      >
        <div
          className="grid"
        >
          <AdviceSlip
            history={
              Object {
                "action": "POP",
                "block": [Function],
                "createHref": [Function],
                "go": [Function],
                "goBack": [Function],
                "goForward": [Function],
                "length": 1,
                "listen": [Function],
                "location": Object {
                  "hash": "",
                  "pathname": "/",
                  "search": "",
                  "state": undefined,
                },
                "push": [Function],
                "replace": [Function],
              }
            }
            location={
              Object {
                "hash": "",
                "pathname": "/",
                "search": "",
                "state": undefined,
              }
            }
            match={
              Object {
                "isExact": true,
                "params": Object {
                  "id": undefined,
                },
                "path": "/:id?",
                "url": "/",
              }
            }
            onReady={[Function]}
            slip={Object {}}
          >
            <div />
          </AdviceSlip>
          <AdviceButton
            history={
              Object {
                "action": "POP",
                "block": [Function],
                "createHref": [Function],
                "go": [Function],
                "goBack": [Function],
                "goForward": [Function],
                "length": 1,
                "listen": [Function],
                "location": Object {
                  "hash": "",
                  "pathname": "/",
                  "search": "",
                  "state": undefined,
                },
                "push": [Function],
                "replace": [Function],
              }
            }
            location={
              Object {
                "hash": "",
                "pathname": "/",
                "search": "",
                "state": undefined,
              }
            }
            match={
              Object {
                "isExact": true,
                "params": Object {
                  "id": undefined,
                },
                "path": "/:id?",
                "url": "/",
              }
            }
            onClick={[Function]}
          >
            <button
              className="advice-get"
              id="advice-button"
              onClick={[Function]}
            >
              (｡^‿^｡)
            </button>
          </AdviceButton>
          <SocialMediaPanel
            url="http://localhost/"
          >
            <div
              className="social-media-panel"
              data-for="social-media-tooltip"
              data-tip="Share"
            >
              <CreatedButton
                className="share-twitter"
                hashtags={
                  Array [
                    "tisok",
                    "lifeprotips",
                  ]
                }
                title="Advice to live by..."
                url="http://localhost/"
                windowHeight={400}
                windowWidth={550}
              >
                <ShareButton
                  className="share-twitter"
                  disabledStyle={
                    Object {
                      "opacity": 0.6,
                    }
                  }
                  hashtags={
                    Array [
                      "tisok",
                      "lifeprotips",
                    ]
                  }
                  network="twitter"
                  networkLink={[Function]}
                  openWindow={true}
                  opts={
                    Object {
                      "hashtags": Array [
                        "tisok",
                        "lifeprotips",
                      ],
                      "title": "Advice to live by...",
                      "via": undefined,
                    }
                  }
                  role="button"
                  tabIndex="0"
                  title="Advice to live by..."
                  url="http://localhost/"
                  windowHeight={400}
                  windowWidth={550}
                >
                  <div
                    className="SocialMediaShareButton SocialMediaShareButton--twitter share-twitter"
                    onClick={[Function]}
                    onKeyPress={[Function]}
                    role="button"
                    style={Object {}}
                    tabIndex="0"
                  >
                    <i
                      className="fab fa-twitter-square icon-twitter icon"
                    />
                  </div>
                </ShareButton>
              </CreatedButton>
              <ReactTooltip
                className="tooltip"
                clickable={false}
                effect="solid"
                id="social-media-tooltip"
                insecure={true}
                place="top"
                resizeHide={true}
                type="tooltip"
                wrapper="div"
              >
                <div
                  className="__react_component_tooltip place-top type-dark "
                  data-id="tooltip"
                  id="social-media-tooltip"
                />
              </ReactTooltip>
            </div>
          </SocialMediaPanel>
        </div>
      </Route>
    </Router>
  </BrowserRouter>
</App>
`;
