// Jest Snapshot v1, https://goo.gl/fbAQLP

exports[`SocialMediaPanel renders correctly 1`] = `
<SocialMediaPanel
  url="www.google.com"
>
  <div
    className="social-media-panel"
    data-for="social-media-tooltip"
    data-tip="Share"
  >
    <CreatedButton
      className="share-twitter"
      hashtags={
        Array [
          "tisok",
          "lifeprotips",
        ]
      }
      title="Advice to live by..."
      url="www.google.com"
      windowHeight={400}
      windowWidth={550}
    >
      <ShareButton
        className="share-twitter"
        disabledStyle={
          Object {
            "opacity": 0.6,
          }
        }
        hashtags={
          Array [
            "tisok",
            "lifeprotips",
          ]
        }
        network="twitter"
        networkLink={[Function]}
        openWindow={true}
        opts={
          Object {
            "hashtags": Array [
              "tisok",
              "lifeprotips",
            ],
            "title": "Advice to live by...",
            "via": undefined,
          }
        }
        role="button"
        tabIndex="0"
        title="Advice to live by..."
        url="www.google.com"
        windowHeight={400}
        windowWidth={550}
      >
        <div
          className="SocialMediaShareButton SocialMediaShareButton--twitter share-twitter"
          onClick={[Function]}
          onKeyPress={[Function]}
          role="button"
          style={Object {}}
          tabIndex="0"
        >
          <i
            className="fab fa-twitter-square icon-twitter icon"
          />
        </div>
      </ShareButton>
    </CreatedButton>
    <ReactTooltip
      className="tooltip"
      clickable={false}
      effect="solid"
      id="social-media-tooltip"
      insecure={true}
      place="top"
      resizeHide={true}
      type="tooltip"
      wrapper="div"
    >
      <div
        className="__react_component_tooltip place-top type-dark "
        data-id="tooltip"
        id="social-media-tooltip"
      />
    </ReactTooltip>
  </div>
</SocialMediaPanel>
`;
